[0.297s] colcon DEBUG Command line arguments: ['/usr/bin/colcon', 'list', '-p', '--base-paths', '/home/guts/voicepipeline_ros2']
[0.298s] colcon DEBUG Parsed command line arguments: Namespace(log_base=None, log_level=None, verb_name='list', build_base='build', ignore_user_meta=False, metas=['./colcon.meta'], base_paths=['/home/guts/voicepipeline_ros2'], packages_ignore=None, packages_ignore_regex=None, paths=None, packages_up_to=None, packages_up_to_regex=None, packages_above=None, packages_above_and_dependencies=None, packages_above_depth=None, packages_select_by_dep=None, packages_skip_by_dep=None, packages_skip_up_to=None, packages_select_build_failed=False, packages_skip_build_finished=False, packages_select_test_failures=False, packages_skip_test_passed=False, packages_select=None, packages_skip=None, packages_select_regex=None, packages_skip_regex=None, packages_start=None, packages_end=None, allow_overriding=[], topological_order=False, names_only=False, paths_only=True, topological_graph=False, topological_graph_dot=False, topological_graph_density=False, topological_graph_legend=False, topological_graph_dot_cluster=False, topological_graph_dot_include_skipped=False, mixin_files=None, mixin=None, verb_parser=<colcon_mixin.mixin.mixin_argument.MixinArgumentDecorator object at 0x7424399cd2a0>, verb_extension=<colcon_package_information.verb.list.ListVerb object at 0x742439941de0>, main=<bound method ListVerb.main of <colcon_package_information.verb.list.ListVerb object at 0x742439941de0>>, mixin_verb=('list',))
[0.379s] colcon.colcon_core.package_discovery Level 1 discover_packages(colcon_meta) check parameters
[0.380s] colcon.colcon_core.package_discovery Level 1 discover_packages(recursive) check parameters
[0.380s] colcon.colcon_core.package_discovery Level 1 discover_packages(ignore) check parameters
[0.380s] colcon.colcon_core.package_discovery Level 1 discover_packages(path) check parameters
[0.380s] colcon.colcon_core.package_discovery Level 1 discover_packages(recursive) discover
[0.380s] colcon.colcon_core.package_discovery INFO Crawling recursively for packages in '/home/guts/voicepipeline_ros2'
[0.381s] colcon.colcon_core.package_identification Level 1 _identify(/home/guts/voicepipeline_ros2) by extensions ['ignore', 'ignore_ament_install']
[0.381s] colcon.colcon_core.package_identification Level 1 _identify(/home/guts/voicepipeline_ros2) by extension 'ignore'
[0.381s] colcon.colcon_core.package_identification Level 1 _identify(/home/guts/voicepipeline_ros2) by extension 'ignore_ament_install'
[0.381s] colcon.colcon_core.package_identification Level 1 _identify(/home/guts/voicepipeline_ros2) by extensions ['colcon_pkg']
[0.381s] colcon.colcon_core.package_identification Level 1 _identify(/home/guts/voicepipeline_ros2) by extension 'colcon_pkg'
[0.381s] colcon.colcon_core.package_identification Level 1 _identify(/home/guts/voicepipeline_ros2) by extensions ['colcon_meta']
[0.381s] colcon.colcon_core.package_identification Level 1 _identify(/home/guts/voicepipeline_ros2) by extension 'colcon_meta'
[0.381s] colcon.colcon_core.package_identification Level 1 _identify(/home/guts/voicepipeline_ros2) by extensions ['ros']
[0.382s] colcon.colcon_core.package_identification Level 1 _identify(/home/guts/voicepipeline_ros2) by extension 'ros'
[0.421s] colcon.colcon_core.package_identification Level 1 _identify(/home/guts/voicepipeline_ros2) by extensions ['cmake', 'python']
[0.421s] colcon.colcon_core.package_identification Level 1 _identify(/home/guts/voicepipeline_ros2) by extension 'cmake'
[0.421s] colcon.colcon_core.package_identification Level 1 _identify(/home/guts/voicepipeline_ros2) by extension 'python'
[0.421s] colcon.colcon_core.package_identification Level 1 _identify(/home/guts/voicepipeline_ros2) by extensions ['python_setup_py']
[0.421s] colcon.colcon_core.package_identification Level 1 _identify(/home/guts/voicepipeline_ros2) by extension 'python_setup_py'
[0.421s] colcon.colcon_core.package_identification Level 1 _identify(/home/guts/voicepipeline_ros2/build) by extensions ['ignore', 'ignore_ament_install']
[0.421s] colcon.colcon_core.package_identification Level 1 _identify(/home/guts/voicepipeline_ros2/build) by extension 'ignore'
[0.421s] colcon.colcon_core.package_identification Level 1 _identify(/home/guts/voicepipeline_ros2/build) ignored
[0.421s] colcon.colcon_core.package_identification Level 1 _identify(/home/guts/voicepipeline_ros2/install) by extensions ['ignore', 'ignore_ament_install']
[0.421s] colcon.colcon_core.package_identification Level 1 _identify(/home/guts/voicepipeline_ros2/install) by extension 'ignore'
[0.421s] colcon.colcon_core.package_identification Level 1 _identify(/home/guts/voicepipeline_ros2/install) ignored
[0.422s] colcon.colcon_core.package_identification Level 1 _identify(/home/guts/voicepipeline_ros2/log) by extensions ['ignore', 'ignore_ament_install']
[0.422s] colcon.colcon_core.package_identification Level 1 _identify(/home/guts/voicepipeline_ros2/log) by extension 'ignore'
[0.422s] colcon.colcon_core.package_identification Level 1 _identify(/home/guts/voicepipeline_ros2/log) ignored
[0.422s] colcon.colcon_core.package_identification Level 1 _identify(/home/guts/voicepipeline_ros2/src) by extensions ['ignore', 'ignore_ament_install']
[0.422s] colcon.colcon_core.package_identification Level 1 _identify(/home/guts/voicepipeline_ros2/src) by extension 'ignore'
[0.422s] colcon.colcon_core.package_identification Level 1 _identify(/home/guts/voicepipeline_ros2/src) by extension 'ignore_ament_install'
[0.422s] colcon.colcon_core.package_identification Level 1 _identify(/home/guts/voicepipeline_ros2/src) by extensions ['colcon_pkg']
[0.422s] colcon.colcon_core.package_identification Level 1 _identify(/home/guts/voicepipeline_ros2/src) by extension 'colcon_pkg'
[0.422s] colcon.colcon_core.package_identification Level 1 _identify(/home/guts/voicepipeline_ros2/src) by extensions ['colcon_meta']
[0.422s] colcon.colcon_core.package_identification Level 1 _identify(/home/guts/voicepipeline_ros2/src) by extension 'colcon_meta'
[0.422s] colcon.colcon_core.package_identification Level 1 _identify(/home/guts/voicepipeline_ros2/src) by extensions ['ros']
[0.422s] colcon.colcon_core.package_identification Level 1 _identify(/home/guts/voicepipeline_ros2/src) by extension 'ros'
[0.422s] colcon.colcon_core.package_identification Level 1 _identify(/home/guts/voicepipeline_ros2/src) by extensions ['cmake', 'python']
[0.422s] colcon.colcon_core.package_identification Level 1 _identify(/home/guts/voicepipeline_ros2/src) by extension 'cmake'
[0.422s] colcon.colcon_core.package_identification Level 1 _identify(/home/guts/voicepipeline_ros2/src) by extension 'python'
[0.422s] colcon.colcon_core.package_identification Level 1 _identify(/home/guts/voicepipeline_ros2/src) by extensions ['python_setup_py']
[0.422s] colcon.colcon_core.package_identification Level 1 _identify(/home/guts/voicepipeline_ros2/src) by extension 'python_setup_py'
[0.423s] colcon.colcon_core.package_identification Level 1 _identify(/home/guts/voicepipeline_ros2/src/voicepipeline) by extensions ['ignore', 'ignore_ament_install']
[0.423s] colcon.colcon_core.package_identification Level 1 _identify(/home/guts/voicepipeline_ros2/src/voicepipeline) by extension 'ignore'
[0.423s] colcon.colcon_core.package_identification Level 1 _identify(/home/guts/voicepipeline_ros2/src/voicepipeline) by extension 'ignore_ament_install'
[0.423s] colcon.colcon_core.package_identification Level 1 _identify(/home/guts/voicepipeline_ros2/src/voicepipeline) by extensions ['colcon_pkg']
[0.423s] colcon.colcon_core.package_identification Level 1 _identify(/home/guts/voicepipeline_ros2/src/voicepipeline) by extension 'colcon_pkg'
[0.423s] colcon.colcon_core.package_identification Level 1 _identify(/home/guts/voicepipeline_ros2/src/voicepipeline) by extensions ['colcon_meta']
[0.423s] colcon.colcon_core.package_identification Level 1 _identify(/home/guts/voicepipeline_ros2/src/voicepipeline) by extension 'colcon_meta'
[0.423s] colcon.colcon_core.package_identification Level 1 _identify(/home/guts/voicepipeline_ros2/src/voicepipeline) by extensions ['ros']
[0.423s] colcon.colcon_core.package_identification Level 1 _identify(/home/guts/voicepipeline_ros2/src/voicepipeline) by extension 'ros'
[0.428s] colcon.colcon_core.package_identification DEBUG Package '/home/guts/voicepipeline_ros2/src/voicepipeline' with type 'ros.ament_python' and name 'voicepipeline'
[0.428s] colcon.colcon_core.package_discovery Level 1 discover_packages(recursive) using defaults
